<!doctype html public "-//w3c//dtd html 4.0 transitional//en">
<html><head>
<title>Static Call Graph - [.\libeoos.axf]</title></head>
<body><HR>
<H1>Static Call Graph for image .\libeoos.axf</H1><HR>
<BR><P>#&#060CALLGRAPH&#062# ARM Linker, 6180002: Last Updated: Sun Jun  4 22:19:40 2023
<BR><P>
<H3>Maximum Stack Usage =          0 bytes + Unknown(Functions without stacksize, Cycles, Untraceable Function Pointers)</H3><H3>
Call chain for Maximum Stack Depth:</H3>

<P>
<H3>
Functions with no stack information
</H3><UL>
 <LI><a href="#[0]">m_handle_reset</a>
 <LI><a href="#[1]">m_handle_nothing</a>
</UL>
</UL>
<P>
<H3>
Mutually Recursive functions
</H3> <LI><a href="#[0]">m_handle_reset</a>&nbsp;&nbsp;&nbsp;&rArr;&nbsp;&nbsp;&nbsp;<a href="#[0]">m_handle_reset</a><BR>
 <LI><a href="#[1]">m_handle_nothing</a>&nbsp;&nbsp;&nbsp;&rArr;&nbsp;&nbsp;&nbsp;<a href="#[1]">m_handle_nothing</a><BR>
</UL>
<P>
<H3>
Function Pointers
</H3><UL>
 <LI><a href="#[1]">m_handle_nothing</a> from cpu.interrupt.keil.o(.text) referenced 52 times from cpu.interrupt.keil.o(RESET)
 <LI><a href="#[0]">m_handle_reset</a> from cpu.interrupt.keil.o(.text) referenced from cpu.interrupt.keil.o(RESET)
</UL>
<P>
<H3>
Global Symbols
</H3><P>
<H3>
Local Symbols
</H3>
<P><STRONG><a name="[0]"></a>m_handle_reset</STRONG> (Thumb, 0 bytes, Stack size unknown bytes, cpu.interrupt.keil.o(.text))
<BR><BR>[Calls]<UL><LI><a href="#[0]">&gt;&gt;</a>&nbsp;&nbsp;&nbsp;m_handle_reset
</UL>
<BR>[Called By]<UL><LI><a href="#[0]">&gt;&gt;</a>&nbsp;&nbsp;&nbsp;m_handle_reset
</UL>
<BR>[Address Reference Count : 1]<UL><LI> cpu.interrupt.keil.o(RESET)
</UL>
<P><STRONG><a name="[1]"></a>m_handle_nothing</STRONG> (Thumb, 0 bytes, Stack size unknown bytes, cpu.interrupt.keil.o(.text))
<BR><BR>[Calls]<UL><LI><a href="#[1]">&gt;&gt;</a>&nbsp;&nbsp;&nbsp;m_handle_nothing
</UL>
<BR>[Called By]<UL><LI><a href="#[1]">&gt;&gt;</a>&nbsp;&nbsp;&nbsp;m_handle_nothing
</UL>
<BR>[Address Reference Count : 1]<UL><LI> cpu.interrupt.keil.o(RESET)
</UL><P>
<H3>
Undefined Global Symbols
</H3><HR></body></html>
